Info: Starting: Create simulation model
Info: qsys-generate C:\Users\joshu\TRAVAIL\Q7\Projet\LELEC210X\fpga\LimeSDR-Mini_lms7_lelec210x\packet_presence_detection_tb_gen.qsys --simulation=VERILOG --allow-mixed-language-simulation --output-directory=C:\Users\joshu\TRAVAIL\Q7\Projet\LELEC210X\fpga\LimeSDR-Mini_lms7_lelec210x\ip\packet_presence_detection\simulation --family="MAX 10" --part=10M16SAU169C8G
Progress: Loading LimeSDR-Mini_lms7_lelec210x/packet_presence_detection_tb_gen.qsys
Progress: Reading input file
Progress: Adding clk_0 [clock_source 18.1]
Progress: Parameterizing module clk_0
Progress: Adding packet_presence_detection_0 [packet_presence_detection 1.0]
Progress: Parameterizing module packet_presence_detection_0
Progress: Adding st_splitter_0 [altera_avalon_st_splitter 18.1]
Progress: Parameterizing module st_splitter_0
Progress: Building connections
Progress: Parameterizing connections
Progress: Validating
Progress: Done reading input file
Warning: packet_presence_detection_tb_gen.clk_0.clk/packet_presence_detection_0.clock_sink: packet_presence_detection_0.clock_sink requires 100000000Hz, but source has frequency of 50000000Hz
Info: packet_presence_detection_tb_gen: Generating packet_presence_detection_tb_gen "packet_presence_detection_tb_gen" for SIM_VERILOG
Info: packet_presence_detection_0: "packet_presence_detection_tb_gen" instantiated packet_presence_detection "packet_presence_detection_0"
Info: st_splitter_0: "packet_presence_detection_tb_gen" instantiated altera_avalon_st_splitter "st_splitter_0"
Info: rst_controller: "packet_presence_detection_tb_gen" instantiated altera_reset_controller "rst_controller"
Info: packet_presence_detection_tb_gen: Done "packet_presence_detection_tb_gen" with 4 modules, 8 files
Info: qsys-generate succeeded.
Info: Finished: Create simulation model
Info: Starting: Create Modelsim Project.
Info: sim-script-gen --spd=C:\Users\joshu\TRAVAIL\Q7\Projet\LELEC210X\fpga\LimeSDR-Mini_lms7_lelec210x\ip\packet_presence_detection\packet_presence_detection_tb_gen.spd --output-directory=C:/Users/joshu/TRAVAIL/Q7/Projet/LELEC210X/fpga/LimeSDR-Mini_lms7_lelec210x/ip/packet_presence_detection/simulation/ --use-relative-paths=true
Info: Doing: ip-make-simscript --spd=C:\Users\joshu\TRAVAIL\Q7\Projet\LELEC210X\fpga\LimeSDR-Mini_lms7_lelec210x\ip\packet_presence_detection\packet_presence_detection_tb_gen.spd --output-directory=C:/Users/joshu/TRAVAIL/Q7/Projet/LELEC210X/fpga/LimeSDR-Mini_lms7_lelec210x/ip/packet_presence_detection/simulation/ --use-relative-paths=true
Info: Generating the following file(s) for MODELSIM simulator in C:/Users/joshu/TRAVAIL/Q7/Projet/LELEC210X/fpga/LimeSDR-Mini_lms7_lelec210x/ip/packet_presence_detection/simulation/ directory:
Info: 	mentor/msim_setup.tcl
Info: Generating the following file(s) for VCS simulator in C:/Users/joshu/TRAVAIL/Q7/Projet/LELEC210X/fpga/LimeSDR-Mini_lms7_lelec210x/ip/packet_presence_detection/simulation/ directory:
Info: 	synopsys/vcs/vcs_setup.sh
Info: Generating the following file(s) for VCSMX simulator in C:/Users/joshu/TRAVAIL/Q7/Projet/LELEC210X/fpga/LimeSDR-Mini_lms7_lelec210x/ip/packet_presence_detection/simulation/ directory:
Info: 	synopsys/vcsmx/synopsys_sim.setup
Info: 	synopsys/vcsmx/vcsmx_setup.sh
Info: Generating the following file(s) for NCSIM simulator in C:/Users/joshu/TRAVAIL/Q7/Projet/LELEC210X/fpga/LimeSDR-Mini_lms7_lelec210x/ip/packet_presence_detection/simulation/ directory:
Info: 	cadence/cds.lib
Info: 	cadence/hdl.var
Info: 	cadence/ncsim_setup.sh
Info: 	3 .cds.lib files in cadence/cds_libs/ directory
Info: Generating the following file(s) for RIVIERA simulator in C:/Users/joshu/TRAVAIL/Q7/Projet/LELEC210X/fpga/LimeSDR-Mini_lms7_lelec210x/ip/packet_presence_detection/simulation/ directory:
Info: 	aldec/rivierapro_setup.tcl
Info: For information on how to simulate your IP, see the explanatory comments in the simulator-specific subdirectories under C:/Users/joshu/TRAVAIL/Q7/Projet/LELEC210X/fpga/LimeSDR-Mini_lms7_lelec210x/ip/packet_presence_detection/simulation/.
Info: Regenerate these scripts whenever you make any change to any Quartus-generated IP in your project.
Info: Finished: Create Modelsim Project.
Info: Starting: Create block symbol file (.bsf)
Info: qsys-generate C:\Users\joshu\TRAVAIL\Q7\Projet\LELEC210X\fpga\LimeSDR-Mini_lms7_lelec210x\packet_presence_detection_tb_gen.qsys --block-symbol-file --output-directory=C:\Users\joshu\TRAVAIL\Q7\Projet\LELEC210X\fpga\LimeSDR-Mini_lms7_lelec210x\ip\packet_presence_detection --family="MAX 10" --part=10M16SAU169C8G
Progress: Loading LimeSDR-Mini_lms7_lelec210x/packet_presence_detection_tb_gen.qsys
Progress: Reading input file
Progress: Adding clk_0 [clock_source 18.1]
Progress: Parameterizing module clk_0
Progress: Adding packet_presence_detection_0 [packet_presence_detection 1.0]
Progress: Parameterizing module packet_presence_detection_0
Progress: Adding st_splitter_0 [altera_avalon_st_splitter 18.1]
Progress: Parameterizing module st_splitter_0
Progress: Building connections
Progress: Parameterizing connections
Progress: Validating
Progress: Done reading input file
Warning: packet_presence_detection_tb_gen.clk_0.clk/packet_presence_detection_0.clock_sink: packet_presence_detection_0.clock_sink requires 100000000Hz, but source has frequency of 50000000Hz
Info: qsys-generate succeeded.
Info: Finished: Create block symbol file (.bsf)
Info: 
Info: Starting: Create HDL design files for synthesis
Info: qsys-generate C:\Users\joshu\TRAVAIL\Q7\Projet\LELEC210X\fpga\LimeSDR-Mini_lms7_lelec210x\packet_presence_detection_tb_gen.qsys --synthesis=VERILOG --greybox --output-directory=C:\Users\joshu\TRAVAIL\Q7\Projet\LELEC210X\fpga\LimeSDR-Mini_lms7_lelec210x\ip\packet_presence_detection\synthesis --family="MAX 10" --part=10M16SAU169C8G
Progress: Loading LimeSDR-Mini_lms7_lelec210x/packet_presence_detection_tb_gen.qsys
Progress: Reading input file
Progress: Adding clk_0 [clock_source 18.1]
Progress: Parameterizing module clk_0
Progress: Adding packet_presence_detection_0 [packet_presence_detection 1.0]
Progress: Parameterizing module packet_presence_detection_0
Progress: Adding st_splitter_0 [altera_avalon_st_splitter 18.1]
Progress: Parameterizing module st_splitter_0
Progress: Building connections
Progress: Parameterizing connections
Progress: Validating
Progress: Done reading input file
Warning: packet_presence_detection_tb_gen.clk_0.clk/packet_presence_detection_0.clock_sink: packet_presence_detection_0.clock_sink requires 100000000Hz, but source has frequency of 50000000Hz
Info: packet_presence_detection_tb_gen: Generating packet_presence_detection_tb_gen "packet_presence_detection_tb_gen" for QUARTUS_SYNTH
Info: packet_presence_detection_0: "packet_presence_detection_tb_gen" instantiated packet_presence_detection "packet_presence_detection_0"
Info: st_splitter_0: "packet_presence_detection_tb_gen" instantiated altera_avalon_st_splitter "st_splitter_0"
Info: rst_controller: "packet_presence_detection_tb_gen" instantiated altera_reset_controller "rst_controller"
Info: packet_presence_detection_tb_gen: Done "packet_presence_detection_tb_gen" with 4 modules, 8 files
Info: Generating third-party timing and resource estimation model ...
Error: Third-party timing and resource estimation model project creation failed: C:/intelfpga_lite/18.1/quartus\bin64/quartus_sh -t quartus_greybox.tcl
Info: qsys-generate succeeded.
Info: Finished: Create HDL design files for synthesis
